明天总结死锁如何调试
可能因为ai改了arcRepleacer这个文件的内容, 导致提交评测失败, 明天从官网重新粘贴一下